[
    [
        {
            "Letter": "O",
            "AdjacencyAddress": 1
        },
        {
            "Letter": "E",
            "AdjacencyAddress": 5
        },
        {
            "Letter": "A",
            "AdjacencyAddress": 6
        }
    ],
    [
        {
            "Letter": "I",
            "AdjacencyAddress": 0
        },
        {
            "Letter": "B",
            "AdjacencyAddress": 2
        },
        {
            "Letter": "E",
            "AdjacencyAddress": 5
        },
        {
            "Letter": "A",
            "AdjacencyAddress": 6
        },
        {
            "Letter": "E",
            "AdjacencyAddress": 7
        }
    ],
    [
        {
            "Letter": "O",
            "AdjacencyAddress": 1
        },
        {
            "Letter": "E",
            "AdjacencyAddress": 3
        },
        {
            "Letter": "A",
            "AdjacencyAddress": 6
        },
        {
            "Letter": "E",
            "AdjacencyAddress": 7
        },
        {
            "Letter": "D",
            "AdjacencyAddress": 8
        }
    ],
    [
        {
            "Letter": "B",
            "AdjacencyAddress": 2
        },
        {
            "Letter": "T",
            "AdjacencyAddress": 4
        },
        {
            "Letter": "E",
            "AdjacencyAddress": 7
        },
        {
            "Letter": "D",
            "AdjacencyAddress": 8
        },
        {
            "Letter": "C",
            "AdjacencyAddress": 9
        }
    ],
    [
        {
            "Letter": "E",
            "AdjacencyAddress": 3
        },
        {
            "Letter": "D",
            "AdjacencyAddress": 8
        },
        {
            "Letter": "C",
            "AdjacencyAddress": 9
        }
    ],
    [
        {
            "Letter": "I",
            "AdjacencyAddress": 0
        },
        {
            "Letter": "O",
            "AdjacencyAddress": 1
        },
        {
            "Letter": "A",
            "AdjacencyAddress": 6
        },
        {
            "Letter": "E",
            "AdjacencyAddress": 10
        },
        {
            "Letter": "V",
            "AdjacencyAddress": 11
        }
    ],
    [
        {
            "Letter": "I",
            "AdjacencyAddress": 0
        },
        {
            "Letter": "O",
            "AdjacencyAddress": 1
        },
        {
            "Letter": "B",
            "AdjacencyAddress": 2
        },
        {
            "Letter": "E",
            "AdjacencyAddress": 5
        },
        {
            "Letter": "E",
            "AdjacencyAddress": 7
        },
        {
            "Letter": "E",
            "AdjacencyAddress": 10
        },
        {
            "Letter": "V",
            "AdjacencyAddress": 11
        },
        {
            "Letter": "R",
            "AdjacencyAddress": 12
        }
    ],
    [
        {
            "Letter": "O",
            "AdjacencyAddress": 1
        },
        {
            "Letter": "B",
            "AdjacencyAddress": 2
        },
        {
            "Letter": "E",
            "AdjacencyAddress": 3
        },
        {
            "Letter": "A",
            "AdjacencyAddress": 6
        },
        {
            "Letter": "D",
            "AdjacencyAddress": 8
        },
        {
            "Letter": "V",
            "AdjacencyAddress": 11
        },
        {
            "Letter": "R",
            "AdjacencyAddress": 12
        },
        {
            "Letter": "D",
            "AdjacencyAddress": 13
        }
    ],
    [
        {
            "Letter": "B",
            "AdjacencyAddress": 2
        },
        {
            "Letter": "E",
            "AdjacencyAddress": 3
        },
        {
            "Letter": "T",
            "AdjacencyAddress": 4
        },
        {
            "Letter": "E",
            "AdjacencyAddress": 7
        },
        {
            "Letter": "C",
            "AdjacencyAddress": 9
        },
        {
            "Letter": "R",
            "AdjacencyAddress": 12
        },
        {
            "Letter": "D",
            "AdjacencyAddress": 13
        },
        {
            "Letter": "D",
            "AdjacencyAddress": 14
        }
    ],
    [
        {
            "Letter": "E",
            "AdjacencyAddress": 3
        },
        {
            "Letter": "T",
            "AdjacencyAddress": 4
        },
        {
            "Letter": "D",
            "AdjacencyAddress": 8
        },
        {
            "Letter": "D",
            "AdjacencyAddress": 13
        },
        {
            "Letter": "D",
            "AdjacencyAddress": 14
        }
    ],
    [
        {
            "Letter": "E",
            "AdjacencyAddress": 5
        },
        {
            "Letter": "A",
            "AdjacencyAddress": 6
        },
        {
            "Letter": "V",
            "AdjacencyAddress": 11
        },
        {
            "Letter": "A",
            "AdjacencyAddress": 15
        },
        {
            "Letter": "A",
            "AdjacencyAddress": 16
        }
    ],
    [
        {
            "Letter": "E",
            "AdjacencyAddress": 5
        },
        {
            "Letter": "A",
            "AdjacencyAddress": 6
        },
        {
            "Letter": "E",
            "AdjacencyAddress": 7
        },
        {
            "Letter": "E",
            "AdjacencyAddress": 10
        },
        {
            "Letter": "R",
            "AdjacencyAddress": 12
        },
        {
            "Letter": "A",
            "AdjacencyAddress": 15
        },
        {
            "Letter": "A",
            "AdjacencyAddress": 16
        },
        {
            "Letter": "E",
            "AdjacencyAddress": 17
        }
    ],
    [
        {
            "Letter": "A",
            "AdjacencyAddress": 6
        },
        {
            "Letter": "E",
            "AdjacencyAddress": 7
        },
        {
            "Letter": "D",
            "AdjacencyAddress": 8
        },
        {
            "Letter": "V",
            "AdjacencyAddress": 11
        },
        {
            "Letter": "D",
            "AdjacencyAddress": 13
        },
        {
            "Letter": "A",
            "AdjacencyAddress": 16
        },
        {
            "Letter": "E",
            "AdjacencyAddress": 17
        },
        {
            "Letter": "G",
            "AdjacencyAddress": 18
        }
    ],
    [
        {
            "Letter": "E",
            "AdjacencyAddress": 7
        },
        {
            "Letter": "D",
            "AdjacencyAddress": 8
        },
        {
            "Letter": "C",
            "AdjacencyAddress": 9
        },
        {
            "Letter": "R",
            "AdjacencyAddress": 12
        },
        {
            "Letter": "D",
            "AdjacencyAddress": 14
        },
        {
            "Letter": "E",
            "AdjacencyAddress": 17
        },
        {
            "Letter": "G",
            "AdjacencyAddress": 18
        },
        {
            "Letter": "N",
            "AdjacencyAddress": 19
        }
    ],
    [
        {
            "Letter": "D",
            "AdjacencyAddress": 8
        },
        {
            "Letter": "C",
            "AdjacencyAddress": 9
        },
        {
            "Letter": "D",
            "AdjacencyAddress": 13
        },
        {
            "Letter": "G",
            "AdjacencyAddress": 18
        },
        {
            "Letter": "N",
            "AdjacencyAddress": 19
        }
    ],
    [
        {
            "Letter": "E",
            "AdjacencyAddress": 10
        },
        {
            "Letter": "V",
            "AdjacencyAddress": 11
        },
        {
            "Letter": "A",
            "AdjacencyAddress": 16
        },
        {
            "Letter": "G",
            "AdjacencyAddress": 20
        },
        {
            "Letter": "L",
            "AdjacencyAddress": 21
        }
    ],
    [
        {
            "Letter": "E",
            "AdjacencyAddress": 10
        },
        {
            "Letter": "V",
            "AdjacencyAddress": 11
        },
        {
            "Letter": "R",
            "AdjacencyAddress": 12
        },
        {
            "Letter": "A",
            "AdjacencyAddress": 15
        },
        {
            "Letter": "E",
            "AdjacencyAddress": 17
        },
        {
            "Letter": "G",
            "AdjacencyAddress": 20
        },
        {
            "Letter": "L",
            "AdjacencyAddress": 21
        },
        {
            "Letter": "U",
            "AdjacencyAddress": 22
        }
    ],
    [
        {
            "Letter": "V",
            "AdjacencyAddress": 11
        },
        {
            "Letter": "R",
            "AdjacencyAddress": 12
        },
        {
            "Letter": "D",
            "AdjacencyAddress": 13
        },
        {
            "Letter": "A",
            "AdjacencyAddress": 16
        },
        {
            "Letter": "G",
            "AdjacencyAddress": 18
        },
        {
            "Letter": "L",
            "AdjacencyAddress": 21
        },
        {
            "Letter": "U",
            "AdjacencyAddress": 22
        },
        {
            "Letter": "N",
            "AdjacencyAddress": 23
        }
    ],
    [
        {
            "Letter": "R",
            "AdjacencyAddress": 12
        },
        {
            "Letter": "D",
            "AdjacencyAddress": 13
        },
        {
            "Letter": "D",
            "AdjacencyAddress": 14
        },
        {
            "Letter": "E",
            "AdjacencyAddress": 17
        },
        {
            "Letter": "N",
            "AdjacencyAddress": 19
        },
        {
            "Letter": "U",
            "AdjacencyAddress": 22
        },
        {
            "Letter": "N",
            "AdjacencyAddress": 23
        },
        {
            "Letter": "V",
            "AdjacencyAddress": 24
        }
    ],
    [
        {
            "Letter": "D",
            "AdjacencyAddress": 13
        },
        {
            "Letter": "D",
            "AdjacencyAddress": 14
        },
        {
            "Letter": "G",
            "AdjacencyAddress": 18
        },
        {
            "Letter": "N",
            "AdjacencyAddress": 23
        },
        {
            "Letter": "V",
            "AdjacencyAddress": 24
        }
    ],
    [
        {
            "Letter": "A",
            "AdjacencyAddress": 15
        },
        {
            "Letter": "A",
            "AdjacencyAddress": 16
        },
        {
            "Letter": "L",
            "AdjacencyAddress": 21
        }
    ],
    [
        {
            "Letter": "A",
            "AdjacencyAddress": 15
        },
        {
            "Letter": "A",
            "AdjacencyAddress": 16
        },
        {
            "Letter": "E",
            "AdjacencyAddress": 17
        },
        {
            "Letter": "G",
            "AdjacencyAddress": 20
        },
        {
            "Letter": "U",
            "AdjacencyAddress": 22
        }
    ],
    [
        {
            "Letter": "A",
            "AdjacencyAddress": 16
        },
        {
            "Letter": "E",
            "AdjacencyAddress": 17
        },
        {
            "Letter": "G",
            "AdjacencyAddress": 18
        },
        {
            "Letter": "L",
            "AdjacencyAddress": 21
        },
        {
            "Letter": "N",
            "AdjacencyAddress": 23
        }
    ],
    [
        {
            "Letter": "E",
            "AdjacencyAddress": 17
        },
        {
            "Letter": "G",
            "AdjacencyAddress": 18
        },
        {
            "Letter": "N",
            "AdjacencyAddress": 19
        },
        {
            "Letter": "U",
            "AdjacencyAddress": 22
        },
        {
            "Letter": "V",
            "AdjacencyAddress": 24
        }
    ],
    [
        {
            "Letter": "G",
            "AdjacencyAddress": 18
        },
        {
            "Letter": "N",
            "AdjacencyAddress": 19
        },
        {
            "Letter": "N",
            "AdjacencyAddress": 23
        }
    ]
]